00:00:44 **** Incremental Build of configuration Debug for project 03-Blink2 ****
make -j8 all 
arm-none-eabi-gcc "../Core/Src/main.c" -mcpu=cortex-m3 -std=gnu11 -g3 -DDEBUG -DUSE_HAL_DRIVER -DSTM32F103xB -c -I../Core/Inc -I../Drivers/STM32F1xx_HAL_Driver/Inc -I../Drivers/STM32F1xx_HAL_Driver/Inc/Legacy -I../Drivers/CMSIS/Device/ST/STM32F1xx/Include -I../Drivers/CMSIS/Include -O0 -ffunction-sections -fdata-sections -Wall -fstack-usage -fcyclomatic-complexity -MMD -MP -MF"Core/Src/main.d" -MT"Core/Src/main.o" --specs=nano.specs -mfloat-abi=soft -mthumb -o "Core/Src/main.o"
arm-none-eabi-gcc "../Core/Src/stm32f1xx_hal_msp.c" -mcpu=cortex-m3 -std=gnu11 -g3 -DDEBUG -DUSE_HAL_DRIVER -DSTM32F103xB -c -I../Core/Inc -I../Drivers/STM32F1xx_HAL_Driver/Inc -I../Drivers/STM32F1xx_HAL_Driver/Inc/Legacy -I../Drivers/CMSIS/Device/ST/STM32F1xx/Include -I../Drivers/CMSIS/Include -O0 -ffunction-sections -fdata-sections -Wall -fstack-usage -fcyclomatic-complexity -MMD -MP -MF"Core/Src/stm32f1xx_hal_msp.d" -MT"Core/Src/stm32f1xx_hal_msp.o" --specs=nano.specs -mfloat-abi=soft -mthumb -o "Core/Src/stm32f1xx_hal_msp.o"
arm-none-eabi-gcc "../Core/Src/stm32f1xx_it.c" -mcpu=cortex-m3 -std=gnu11 -g3 -DDEBUG -DUSE_HAL_DRIVER -DSTM32F103xB -c -I../Core/Inc -I../Drivers/STM32F1xx_HAL_Driver/Inc -I../Drivers/STM32F1xx_HAL_Driver/Inc/Legacy -I../Drivers/CMSIS/Device/ST/STM32F1xx/Include -I../Drivers/CMSIS/Include -O0 -ffunction-sections -fdata-sections -Wall -fstack-usage -fcyclomatic-complexity -MMD -MP -MF"Core/Src/stm32f1xx_it.d" -MT"Core/Src/stm32f1xx_it.o" --specs=nano.specs -mfloat-abi=soft -mthumb -o "Core/Src/stm32f1xx_it.o"
../Core/Src/main.c: In function '_write':
../Core/Src/main.c:65:16: warning: suggest parentheses around comparison in operand of '|' [-Wparentheses]
   65 |         if (fd == 1 | fd == 2){
      |             ~~~^~~~
arm-none-eabi-gcc -o "03-Blink2.elf" @"objects.list"   -mcpu=cortex-m3 -T"E:\DoC\STM32\WorkSpace19\03-Blink2\STM32F103RBTX_FLASH.ld" --specs=nosys.specs -Wl,-Map="03-Blink2.map" -Wl,--gc-sections -static --specs=nano.specs -mfloat-abi=soft -mthumb -Wl,--start-group -lc -lm -Wl,--end-group
Finished building target: 03-Blink2.elf
 
arm-none-eabi-size  03-Blink2.elf 
arm-none-eabi-objdump -h -S 03-Blink2.elf  > "03-Blink2.list"
   text	   data	    bss	    dec	    hex	filename
   5776	     12	   1652	   7440	   1d10	03-Blink2.elf
Finished building: default.size.stdout
 
Finished building: 03-Blink2.list
 
00:03:18 **** Incremental Build of configuration Debug for project 03-Blink2 ****
make -j8 all 
arm-none-eabi-gcc "../Core/Src/main.c" -mcpu=cortex-m3 -std=gnu11 -g3 -DDEBUG -DUSE_HAL_DRIVER -DSTM32F103xB -c -I../Core/Inc -I../Drivers/STM32F1xx_HAL_Driver/Inc -I../Drivers/STM32F1xx_HAL_Driver/Inc/Legacy -I../Drivers/CMSIS/Device/ST/STM32F1xx/Include -I../Drivers/CMSIS/Include -O0 -ffunction-sections -fdata-sections -Wall -fstack-usage -fcyclomatic-complexity -MMD -MP -MF"Core/Src/main.d" -MT"Core/Src/main.o" --specs=nano.specs -mfloat-abi=soft -mthumb -o "Core/Src/main.o"
../Core/Src/main.c: In function '_write':
../Core/Src/main.c:65:17: warning: suggest parentheses around comparison in operand of '|' [-Wparentheses]
   65 |         if ( fd == 1 | fd == 2 ){
      |              ~~~^~~~
arm-none-eabi-gcc -o "03-Blink2.elf" @"objects.list"   -mcpu=cortex-m3 -T"E:\DoC\STM32\WorkSpace19\03-Blink2\STM32F103RBTX_FLASH.ld" --specs=nosys.specs -Wl,-Map="03-Blink2.map" -Wl,--gc-sections -static --specs=nano.specs -mfloat-abi=soft -mthumb -Wl,--start-group -lc -lm -Wl,--end-group
Finished building target: 03-Blink2.elf
 
arm-none-eabi-size  03-Blink2.elf 
arm-none-eabi-objdump -h -S 03-Blink2.elf  > "03-Blink2.list"
   text	   data	    bss	    dec	    hex	filename
   5776	     12	   1652	   7440	   1d10	03-Blink2.elf
Finished building: default.size.stdout
 
Finished building: 03-Blink2.list
 
00:04:54 **** Incremental Build of configuration Debug for project 03-Blink2 ****
make -j8 all 
arm-none-eabi-gcc "../Core/Src/main.c" -mcpu=cortex-m3 -std=gnu11 -g3 -DDEBUG -DUSE_HAL_DRIVER -DSTM32F103xB -c -I../Core/Inc -I../Drivers/STM32F1xx_HAL_Driver/Inc -I../Drivers/STM32F1xx_HAL_Driver/Inc/Legacy -I../Drivers/CMSIS/Device/ST/STM32F1xx/Include -I../Drivers/CMSIS/Include -O0 -ffunction-sections -fdata-sections -Wall -fstack-usage -fcyclomatic-complexity -MMD -MP -MF"Core/Src/main.d" -MT"Core/Src/main.o" --specs=nano.specs -mfloat-abi=soft -mthumb -o "Core/Src/main.o"
../Core/Src/main.c: In function '_write':
../Core/Src/main.c:65:15: warning: suggest parentheses around comparison in operand of '|' [-Wparentheses]
   65 |         if (fd==1|fd ==2){
      |             ~~^~~
arm-none-eabi-gcc -o "03-Blink2.elf" @"objects.list"   -mcpu=cortex-m3 -T"E:\DoC\STM32\WorkSpace19\03-Blink2\STM32F103RBTX_FLASH.ld" --specs=nosys.specs -Wl,-Map="03-Blink2.map" -Wl,--gc-sections -static --specs=nano.specs -mfloat-abi=soft -mthumb -Wl,--start-group -lc -lm -Wl,--end-group
Finished building target: 03-Blink2.elf
 
arm-none-eabi-size  03-Blink2.elf 
arm-none-eabi-objdump -h -S 03-Blink2.elf  > "03-Blink2.list"
   text	   data	    bss	    dec	    hex	filename
   5776	     12	   1652	   7440	   1d10	03-Blink2.elf
Finished building: default.size.stdout
 
Finished building: 03-Blink2.list
 
00:06:42 **** Incremental Build of configuration Debug for project 03-Blink2 ****
make -j8 all 
arm-none-eabi-size  03-Blink2.elf 
   text	   data	    bss	    dec	    hex	filename
   5776	     12	   1652	   7440	   1d10	03-Blink2.elf
Finished building: default.size.stdout
 
00:08:49 **** Incremental Build of configuration Debug for project 03-Blink2 ****
make -j8 all 
arm-none-eabi-gcc "../Core/Src/main.c" -mcpu=cortex-m3 -std=gnu11 -g3 -DDEBUG -DUSE_HAL_DRIVER -DSTM32F103xB -c -I../Core/Inc -I../Drivers/STM32F1xx_HAL_Driver/Inc -I../Drivers/STM32F1xx_HAL_Driver/Inc/Legacy -I../Drivers/CMSIS/Device/ST/STM32F1xx/Include -I../Drivers/CMSIS/Include -O0 -ffunction-sections -fdata-sections -Wall -fstack-usage -fcyclomatic-complexity -MMD -MP -MF"Core/Src/main.d" -MT"Core/Src/main.o" --specs=nano.specs -mfloat-abi=soft -mthumb -o "Core/Src/main.o"
../Core/Src/main.c: In function '_write':
../Core/Src/main.c:65:15: warning: suggest parentheses around comparison in operand of '|' [-Wparentheses]
   65 |         if (fd==1|fd ==2){
      |             ~~^~~
arm-none-eabi-gcc -o "03-Blink2.elf" @"objects.list"   -mcpu=cortex-m3 -T"E:\DoC\STM32\WorkSpace19\03-Blink2\STM32F103RBTX_FLASH.ld" --specs=nosys.specs -Wl,-Map="03-Blink2.map" -Wl,--gc-sections -static --specs=nano.specs -mfloat-abi=soft -mthumb -Wl,--start-group -lc -lm -Wl,--end-group
Finished building target: 03-Blink2.elf
 
arm-none-eabi-size  03-Blink2.elf 
arm-none-eabi-objdump -h -S 03-Blink2.elf  > "03-Blink2.list"
   text	   data	    bss	    dec	    hex	filename
   5776	     12	   1652	   7440	   1d10	03-Blink2.elf
Finished building: default.size.stdout
 
Finished building: 03-Blink2.list
 
00:09:47 **** Incremental Build of configuration Debug for project 03-Blink2 ****
make -j8 all 
arm-none-eabi-gcc "../Core/Src/main.c" -mcpu=cortex-m3 -std=gnu11 -g3 -DDEBUG -DUSE_HAL_DRIVER -DSTM32F103xB -c -I../Core/Inc -I../Drivers/STM32F1xx_HAL_Driver/Inc -I../Drivers/STM32F1xx_HAL_Driver/Inc/Legacy -I../Drivers/CMSIS/Device/ST/STM32F1xx/Include -I../Drivers/CMSIS/Include -O0 -ffunction-sections -fdata-sections -Wall -fstack-usage -fcyclomatic-complexity -MMD -MP -MF"Core/Src/main.d" -MT"Core/Src/main.o" --specs=nano.specs -mfloat-abi=soft -mthumb -o "Core/Src/main.o"
../Core/Src/main.c: In function '_write':
../Core/Src/main.c:65:15: warning: suggest parentheses around comparison in operand of '|' [-Wparentheses]
   65 |         if (fd==1|fd ==2){
      |             ~~^~~
arm-none-eabi-gcc -o "03-Blink2.elf" @"objects.list"   -mcpu=cortex-m3 -T"E:\DoC\STM32\WorkSpace19\03-Blink2\STM32F103RBTX_FLASH.ld" --specs=nosys.specs -Wl,-Map="03-Blink2.map" -Wl,--gc-sections -static --specs=nano.specs -mfloat-abi=soft -mthumb -Wl,--start-group -lc -lm -Wl,--end-group
Finished building target: 03-Blink2.elf
 
arm-none-eabi-size  03-Blink2.elf 
arm-none-eabi-objdump -h -S 03-Blink2.elf  > "03-Blink2.list"
   text	   data	    bss	    dec	    hex	filename
   5796	     12	   1652	   7460	   1d24	03-Blink2.elf
Finished building: default.size.stdout
 
Finished building: 03-Blink2.list
 
00:13:08 **** Incremental Build of configuration Debug for project 03-Blink2 ****
make -j8 all 
arm-none-eabi-gcc "../Core/Src/main.c" -mcpu=cortex-m3 -std=gnu11 -g3 -DDEBUG -DUSE_HAL_DRIVER -DSTM32F103xB -c -I../Core/Inc -I../Drivers/STM32F1xx_HAL_Driver/Inc -I../Drivers/STM32F1xx_HAL_Driver/Inc/Legacy -I../Drivers/CMSIS/Device/ST/STM32F1xx/Include -I../Drivers/CMSIS/Include -O0 -ffunction-sections -fdata-sections -Wall -fstack-usage -fcyclomatic-complexity -MMD -MP -MF"Core/Src/main.d" -MT"Core/Src/main.o" --specs=nano.specs -mfloat-abi=soft -mthumb -o "Core/Src/main.o"
../Core/Src/main.c: In function '_write':
../Core/Src/main.c:65:15: warning: suggest parentheses around comparison in operand of '|' [-Wparentheses]
   65 |         if (fd==1|fd ==2){
      |             ~~^~~
../Core/Src/main.c: In function 'main':
../Core/Src/main.c:119:11: warning: unused variable 'count' [-Wunused-variable]
  119 |   uint8_t count = 0;
      |           ^~~~~
arm-none-eabi-gcc -o "03-Blink2.elf" @"objects.list"   -mcpu=cortex-m3 -T"E:\DoC\STM32\WorkSpace19\03-Blink2\STM32F103RBTX_FLASH.ld" --specs=nosys.specs -Wl,-Map="03-Blink2.map" -Wl,--gc-sections -static --specs=nano.specs -mfloat-abi=soft -mthumb -Wl,--start-group -lc -lm -Wl,--end-group
Finished building target: 03-Blink2.elf
 
arm-none-eabi-size  03-Blink2.elf 
arm-none-eabi-objdump -h -S 03-Blink2.elf  > "03-Blink2.list"
   text	   data	    bss	    dec	    hex	filename
   5808	     12	   1652	   7472	   1d30	03-Blink2.elf
Finished building: default.size.stdout
 
Finished building: 03-Blink2.list
 
00:13:41 **** Incremental Build of configuration Debug for project 03-Blink2 ****
make -j8 all 
arm-none-eabi-gcc "../Core/Src/main.c" -mcpu=cortex-m3 -std=gnu11 -g3 -DDEBUG -DUSE_HAL_DRIVER -DSTM32F103xB -c -I../Core/Inc -I../Drivers/STM32F1xx_HAL_Driver/Inc -I../Drivers/STM32F1xx_HAL_Driver/Inc/Legacy -I../Drivers/CMSIS/Device/ST/STM32F1xx/Include -I../Drivers/CMSIS/Include -O0 -ffunction-sections -fdata-sections -Wall -fstack-usage -fcyclomatic-complexity -MMD -MP -MF"Core/Src/main.d" -MT"Core/Src/main.o" --specs=nano.specs -mfloat-abi=soft -mthumb -o "Core/Src/main.o"
../Core/Src/main.c: In function '_write':
../Core/Src/main.c:65:15: warning: suggest parentheses around comparison in operand of '|' [-Wparentheses]
   65 |         if (fd==1|fd ==2){
      |             ~~^~~
../Core/Src/main.c: In function 'main':
../Core/Src/main.c:119:11: warning: unused variable 'count' [-Wunused-variable]
  119 |   uint8_t count = 0;
      |           ^~~~~
arm-none-eabi-gcc -o "03-Blink2.elf" @"objects.list"   -mcpu=cortex-m3 -T"E:\DoC\STM32\WorkSpace19\03-Blink2\STM32F103RBTX_FLASH.ld" --specs=nosys.specs -Wl,-Map="03-Blink2.map" -Wl,--gc-sections -static --specs=nano.specs -mfloat-abi=soft -mthumb -Wl,--start-group -lc -lm -Wl,--end-group
Finished building target: 03-Blink2.elf
 
arm-none-eabi-size  03-Blink2.elf 
arm-none-eabi-objdump -h -S 03-Blink2.elf  > "03-Blink2.list"
   text	   data	    bss	    dec	    hex	filename
   5816	     12	   1652	   7480	   1d38	03-Blink2.elf
Finished building: default.size.stdout
 
Finished building: 03-Blink2.list
 
00:14:10 **** Incremental Build of configuration Debug for project 03-Blink2 ****
make -j8 all 
arm-none-eabi-gcc "../Core/Src/main.c" -mcpu=cortex-m3 -std=gnu11 -g3 -DDEBUG -DUSE_HAL_DRIVER -DSTM32F103xB -c -I../Core/Inc -I../Drivers/STM32F1xx_HAL_Driver/Inc -I../Drivers/STM32F1xx_HAL_Driver/Inc/Legacy -I../Drivers/CMSIS/Device/ST/STM32F1xx/Include -I../Drivers/CMSIS/Include -O0 -ffunction-sections -fdata-sections -Wall -fstack-usage -fcyclomatic-complexity -MMD -MP -MF"Core/Src/main.d" -MT"Core/Src/main.o" --specs=nano.specs -mfloat-abi=soft -mthumb -o "Core/Src/main.o"
../Core/Src/main.c: In function '_write':
../Core/Src/main.c:65:15: warning: suggest parentheses around comparison in operand of '|' [-Wparentheses]
   65 |         if (fd==1|fd ==2){
      |             ~~^~~
../Core/Src/main.c: In function 'main':
../Core/Src/main.c:119:11: warning: unused variable 'count' [-Wunused-variable]
  119 |   uint8_t count = 0;
      |           ^~~~~
arm-none-eabi-gcc -o "03-Blink2.elf" @"objects.list"   -mcpu=cortex-m3 -T"E:\DoC\STM32\WorkSpace19\03-Blink2\STM32F103RBTX_FLASH.ld" --specs=nosys.specs -Wl,-Map="03-Blink2.map" -Wl,--gc-sections -static --specs=nano.specs -mfloat-abi=soft -mthumb -Wl,--start-group -lc -lm -Wl,--end-group
Finished building target: 03-Blink2.elf
 
arm-none-eabi-size  03-Blink2.elf 
arm-none-eabi-objdump -h -S 03-Blink2.elf  > "03-Blink2.list"
   text	   data	    bss	    dec	    hex	filename
   5836	     12	   1652	   7500	   1d4c	03-Blink2.elf
Finished building: default.size.stdout
 
Finished building: 03-Blink2.list
 
00:14:35 **** Incremental Build of configuration Debug for project 03-Blink2 ****
make -j8 all 
arm-none-eabi-gcc "../Core/Src/main.c" -mcpu=cortex-m3 -std=gnu11 -g3 -DDEBUG -DUSE_HAL_DRIVER -DSTM32F103xB -c -I../Core/Inc -I../Drivers/STM32F1xx_HAL_Driver/Inc -I../Drivers/STM32F1xx_HAL_Driver/Inc/Legacy -I../Drivers/CMSIS/Device/ST/STM32F1xx/Include -I../Drivers/CMSIS/Include -O0 -ffunction-sections -fdata-sections -Wall -fstack-usage -fcyclomatic-complexity -MMD -MP -MF"Core/Src/main.d" -MT"Core/Src/main.o" --specs=nano.specs -mfloat-abi=soft -mthumb -o "Core/Src/main.o"
../Core/Src/main.c: In function '_write':
../Core/Src/main.c:65:15: warning: suggest parentheses around comparison in operand of '|' [-Wparentheses]
   65 |         if (fd==1|fd ==2){
      |             ~~^~~
../Core/Src/main.c: In function 'main':
../Core/Src/main.c:119:11: warning: unused variable 'count' [-Wunused-variable]
  119 |   uint8_t count = 0;
      |           ^~~~~
arm-none-eabi-gcc -o "03-Blink2.elf" @"objects.list"   -mcpu=cortex-m3 -T"E:\DoC\STM32\WorkSpace19\03-Blink2\STM32F103RBTX_FLASH.ld" --specs=nosys.specs -Wl,-Map="03-Blink2.map" -Wl,--gc-sections -static --specs=nano.specs -mfloat-abi=soft -mthumb -Wl,--start-group -lc -lm -Wl,--end-group
Finished building target: 03-Blink2.elf
 
arm-none-eabi-size  03-Blink2.elf 
arm-none-eabi-objdump -h -S 03-Blink2.elf  > "03-Blink2.list"
   text	   data	    bss	    dec	    hex	filename
   5836	     12	   1652	   7500	   1d4c	03-Blink2.elf
Finished building: default.size.stdout
 
Finished building: 03-Blink2.list
 
00:19:57 **** Incremental Build of configuration Debug for project 03-Blink2 ****
make -j8 all 
arm-none-eabi-gcc "../Core/Src/main.c" -mcpu=cortex-m3 -std=gnu11 -g3 -DDEBUG -DUSE_HAL_DRIVER -DSTM32F103xB -c -I../Core/Inc -I../Drivers/STM32F1xx_HAL_Driver/Inc -I../Drivers/STM32F1xx_HAL_Driver/Inc/Legacy -I../Drivers/CMSIS/Device/ST/STM32F1xx/Include -I../Drivers/CMSIS/Include -O0 -ffunction-sections -fdata-sections -Wall -fstack-usage -fcyclomatic-complexity -MMD -MP -MF"Core/Src/main.d" -MT"Core/Src/main.o" --specs=nano.specs -mfloat-abi=soft -mthumb -o "Core/Src/main.o"
../Core/Src/main.c: In function '_write':
../Core/Src/main.c:65:15: warning: suggest parentheses around comparison in operand of '|' [-Wparentheses]
   65 |         if (fd==1|fd ==2){
      |             ~~^~~
../Core/Src/main.c: In function 'main':
../Core/Src/main.c:119:11: warning: unused variable 'count' [-Wunused-variable]
  119 |   uint8_t count = 0;
      |           ^~~~~
arm-none-eabi-gcc -o "03-Blink2.elf" @"objects.list"   -mcpu=cortex-m3 -T"E:\DoC\STM32\WorkSpace19\03-Blink2\STM32F103RBTX_FLASH.ld" --specs=nosys.specs -Wl,-Map="03-Blink2.map" -Wl,--gc-sections -static --specs=nano.specs -mfloat-abi=soft -mthumb -Wl,--start-group -lc -lm -Wl,--end-group
Finished building target: 03-Blink2.elf
 
arm-none-eabi-size  03-Blink2.elf 
arm-none-eabi-objdump -h -S 03-Blink2.elf  > "03-Blink2.list"
   text	   data	    bss	    dec	    hex	filename
   5624	     12	   1652	   7288	   1c78	03-Blink2.elf
Finished building: default.size.stdout
 
Finished building: 03-Blink2.list
 
