17:11:04 **** Incremental Build of configuration Debug for project Template ****
make -j8 all 
arm-none-eabi-gcc "../Core/Src/main.c" -mcpu=cortex-m3 -std=gnu11 -g3 -DDEBUG -DUSE_HAL_DRIVER -DSTM32F103xB -c -I../Core/Inc -I../Drivers/STM32F1xx_HAL_Driver/Inc -I../Drivers/STM32F1xx_HAL_Driver/Inc/Legacy -I../Drivers/CMSIS/Device/ST/STM32F1xx/Include -I../Drivers/CMSIS/Include -O0 -ffunction-sections -fdata-sections -Wall -fstack-usage -fcyclomatic-complexity -MMD -MP -MF"Core/Src/main.d" -MT"Core/Src/main.o" --specs=nano.specs -mfloat-abi=soft -mthumb -o "Core/Src/main.o"
arm-none-eabi-gcc -o "Template.elf" @"objects.list"   -mcpu=cortex-m3 -T"E:\DoC\STM32\WorkSpace19\Template\STM32F103RBTX_FLASH.ld" --specs=nosys.specs -Wl,-Map="Template.map" -Wl,--gc-sections -static --specs=nano.specs -mfloat-abi=soft -mthumb -Wl,--start-group -lc -lm -Wl,--end-group
Finished building target: Template.elf
 
arm-none-eabi-size  Template.elf 
arm-none-eabi-objdump -h -S Template.elf  > "Template.list"
   text	   data	    bss	    dec	    hex	filename
   5548	     12	   1644	   7204	   1c24	Template.elf
Finished building: default.size.stdout
 
Finished building: Template.list
 

17:11:06 Build Finished. 0 errors, 0 warnings. (took 1s.910ms)

